#-----------------------------------------------------------
# Webtalk v2018.1 (64-bit)
# SW Build 2188600 on Wed Apr  4 18:39:19 MDT 2018
# IP Build 2185939 on Wed Apr  4 20:55:05 MDT 2018
# Start of session at: Sat Jul 21 15:25:27 2018
# Process ID: 5731
# Current directory: /media/stuff/D/Master/Disertatie/Projects/packet_analyzer_core/packet_analyzer_core.sim/sim_1/behav/xsim
# Command line: wbtcv -mode batch -source /media/stuff/D/Master/Disertatie/Projects/packet_analyzer_core/packet_analyzer_core.sim/sim_1/behav/xsim/xsim.dir/system_tb_behav/webtalk/xsim_webtalk.tcl -notrace
# Log file: /media/stuff/D/Master/Disertatie/Projects/packet_analyzer_core/packet_analyzer_core.sim/sim_1/behav/xsim/webtalk.log
# Journal file: /media/stuff/D/Master/Disertatie/Projects/packet_analyzer_core/packet_analyzer_core.sim/sim_1/behav/xsim/webtalk.jou
#-----------------------------------------------------------
source /media/stuff/D/Master/Disertatie/Projects/packet_analyzer_core/packet_analyzer_core.sim/sim_1/behav/xsim/xsim.dir/system_tb_behav/webtalk/xsim_webtalk.tcl -notrace
